This is pdfTeX, Version 3.141592653-2.6-1.40.28 (MiKTeX 25.12) (preloaded format=pdflatex 2026.7.7)  8 JUL 2026 12:04
entering extended mode
 restricted \write18 enabled.
 %&-line parsing enabled.
**./docs/final_report.tex
(docs/final_report.tex
LaTeX2e <2025-11-01>
L3 programming layer <2025-12-24>
(D:\miktex\tex/latex/base\report.cls
Document Class: report 2025/01/22 v1.4n Standard LaTeX document class
(D:\miktex\tex/latex/base\size12.clo
File: size12.clo 2025/01/22 v1.4n Standard LaTeX file (size option)
)
\c@part=\count275
\c@chapter=\count276
\c@section=\count277
\c@subsection=\count278
\c@subsubsection=\count279
\c@paragraph=\count280
\c@subparagraph=\count281
\c@figure=\count282
\c@table=\count283
\abovecaptionskip=\skip49
\belowcaptionskip=\skip50
\bibindent=\dimen148
) (D:\miktex\tex/latex/base\inputenc.sty
Package: inputenc 2024/02/08 v1.3d Input encoding file
\inpenc@prehook=\toks17
\inpenc@posthook=\toks18
)
(D:\miktex\tex/latex/amsmath\amsmath.sty
Package: amsmath 2025/07/09 v2.17z AMS math features
\@mathmargin=\skip51

For additional information on amsmath, use the `?' option.
(D:\miktex\tex/latex/amsmath\amstext.sty
Package: amstext 2024/11/17 v2.01 AMS text

(D:\miktex\tex/latex/amsmath\amsgen.sty
File: amsgen.sty 1999/11/30 v2.0 generic functions
\@emptytoks=\toks19
\ex@=\dimen149
))
(D:\miktex\tex/latex/amsmath\amsbsy.sty
Package: amsbsy 1999/11/29 v1.2d Bold Symbols
\pmbraise@=\dimen150
)
(D:\miktex\tex/latex/amsmath\amsopn.sty
Package: amsopn 2022/04/08 v2.04 operator names
)
\inf@bad=\count284
LaTeX Info: Redefining \frac on input line 233.
\uproot@=\count285
\leftroot@=\count286
LaTeX Info: Redefining \overline on input line 398.
LaTeX Info: Redefining \colon on input line 409.
\classnum@=\count287
\DOTSCASE@=\count288
LaTeX Info: Redefining \ldots on input line 495.
LaTeX Info: Redefining \dots on input line 498.
LaTeX Info: Redefining \cdots on input line 619.
\Mathstrutbox@=\box53
\strutbox@=\box54
LaTeX Info: Redefining \big on input line 721.
LaTeX Info: Redefining \Big on input line 722.
LaTeX Info: Redefining \bigg on input line 723.
LaTeX Info: Redefining \Bigg on input line 724.
\big@size=\dimen151
LaTeX Font Info:    Redeclaring font encoding OML on input line 742.
LaTeX Font Info:    Redeclaring font encoding OMS on input line 743.
\macc@depth=\count289
LaTeX Info: Redefining \bmod on input line 904.
LaTeX Info: Redefining \pmod on input line 909.
LaTeX Info: Redefining \smash on input line 939.
LaTeX Info: Redefining \relbar on input line 969.
LaTeX Info: Redefining \Relbar on input line 970.
\c@MaxMatrixCols=\count290
\dotsspace@=\muskip17
\c@parentequation=\count291
\dspbrk@lvl=\count292
\tag@help=\toks20
\row@=\count293
\column@=\count294
\maxfields@=\count295
\andhelp@=\toks21
\eqnshift@=\dimen152
\alignsep@=\dimen153
\tagshift@=\dimen154
\tagwidth@=\dimen155
\totwidth@=\dimen156
\lineht@=\dimen157
\@envbody=\toks22
\multlinegap=\skip52
\multlinetaggap=\skip53
\mathdisplay@stack=\toks23
LaTeX Info: Redefining \[ on input line 2950.
LaTeX Info: Redefining \] on input line 2951.
)
(D:\miktex\tex/latex/amsfonts\amssymb.sty
Package: amssymb 2013/01/14 v3.01 AMS font symbols

(D:\miktex\tex/latex/amsfonts\amsfonts.sty
Package: amsfonts 2013/01/14 v3.01 Basic AMSFonts support
\symAMSa=\mathgroup4
\symAMSb=\mathgroup5
LaTeX Font Info:    Redeclaring math symbol \hbar on input line 98.
LaTeX Font Info:    Overwriting math alphabet `\mathfrak' in version `bold'
(Font)                  U/euf/m/n --> U/euf/b/n on input line 106.
))
(D:\miktex\tex/latex/graphics\graphicx.sty
Package: graphicx 2024/12/31 v1.2e Enhanced LaTeX Graphics (DPC,SPQR)

(D:\miktex\tex/latex/graphics\keyval.sty
Package: keyval 2022/05/29 v1.15 key=value parser (DPC)
\KV@toks@=\toks24
)
(D:\miktex\tex/latex/graphics\graphics.sty
Package: graphics 2024/08/06 v1.4g Standard LaTeX Graphics (DPC,SPQR)

(D:\miktex\tex/latex/graphics\trig.sty
Package: trig 2023/12/02 v1.11 sin cos tan (DPC)
)
(D:\miktex\tex/latex/graphics-cfg\graphics.cfg
File: graphics.cfg 2016/06/04 v1.11 sample graphics configuration
)
Package graphics Info: Driver file: pdftex.def on input line 106.

(D:\miktex\tex/latex/graphics-def\pdftex.def
File: pdftex.def 2025/09/29 v1.2d Graphics/color driver for pdftex
))
\Gin@req@height=\dimen158
\Gin@req@width=\dimen159
)
(D:\miktex\tex/latex/booktabs\booktabs.sty
Package: booktabs 2020/01/12 v1.61803398 Publication quality tables
\heavyrulewidth=\dimen160
\lightrulewidth=\dimen161
\cmidrulewidth=\dimen162
\belowrulesep=\dimen163
\belowbottomsep=\dimen164
\aboverulesep=\dimen165
\abovetopsep=\dimen166
\cmidrulesep=\dimen167
\cmidrulekern=\dimen168
\defaultaddspace=\dimen169
\@cmidla=\count296
\@cmidlb=\count297
\@aboverulesep=\dimen170
\@belowrulesep=\dimen171
\@thisruleclass=\count298
\@lastruleclass=\count299
\@thisrulewidth=\dimen172
)
(D:\miktex\tex/latex/geometry\geometry.sty
Package: geometry 2026/03/07 v6.0 Page Geometry

(D:\miktex\tex/generic/iftex\ifvtex.sty
Package: ifvtex 2019/10/25 v1.7 ifvtex legacy package. Use iftex instead.
 (D:\miktex\tex/generic/iftex\iftex.sty
Package: iftex 2024/12/12 v1.0g TeX engine tests
))
\Gm@cnth=\count300
\Gm@cntv=\count301
\c@Gm@tempcnt=\count302
\Gm@bindingoffset=\dimen173
\Gm@wd@mp=\dimen174
\Gm@odd@mp=\dimen175
\Gm@even@mp=\dimen176
\Gm@layoutwidth=\dimen177
\Gm@layoutheight=\dimen178
\Gm@layouthoffset=\dimen179
\Gm@layoutvoffset=\dimen180
\Gm@dimlist=\toks25
 (D:\miktex\tex/latex/geometry\geometry.cfg))
(D:\miktex\tex/latex/hyperref\hyperref.sty
Package: hyperref 2025-07-12 v7.01o Hypertext links for LaTeX

(D:\miktex\tex/latex/kvsetkeys\kvsetkeys.sty
Package: kvsetkeys 2022-10-05 v1.19 Key value parser (HO)
)
(D:\miktex\tex/generic/kvdefinekeys\kvdefinekeys.sty
Package: kvdefinekeys 2019-12-19 v1.6 Define keys (HO)
)
(D:\miktex\tex/generic/pdfescape\pdfescape.sty
Package: pdfescape 2019/12/09 v1.15 Implements pdfTeX's escape features (HO)

(D:\miktex\tex/generic/ltxcmds\ltxcmds.sty
Package: ltxcmds 2023-12-04 v1.26 LaTeX kernel commands for general use (HO)
)
(D:\miktex\tex/generic/pdftexcmds\pdftexcmds.sty
Package: pdftexcmds 2020-06-27 v0.33 Utility functions of pdfTeX for LuaTeX (HO
)

(D:\miktex\tex/generic/infwarerr\infwarerr.sty
Package: infwarerr 2019/12/03 v1.5 Providing info/warning/error messages (HO)
)
Package pdftexcmds Info: \pdf@primitive is available.
Package pdftexcmds Info: \pdf@ifprimitive is available.
Package pdftexcmds Info: \pdfdraftmode found.
))
(D:\miktex\tex/latex/hycolor\hycolor.sty
Package: hycolor 2020-01-27 v1.10 Color options for hyperref/bookmark (HO)
)
(D:\miktex\tex/latex/hyperref\nameref.sty
Package: nameref 2025-06-21 v2.57 Cross-referencing by name of section

(D:\miktex\tex/latex/refcount\refcount.sty
Package: refcount 2019/12/15 v3.6 Data extraction from label references (HO)
)
(D:\miktex\tex/generic/gettitlestring\gettitlestring.sty
Package: gettitlestring 2019/12/15 v1.6 Cleanup title references (HO)

(D:\miktex\tex/latex/kvoptions\kvoptions.sty
Package: kvoptions 2022-06-15 v3.15 Key value format for package options (HO)
))
\c@section@level=\count303
)
(D:\miktex\tex/latex/etoolbox\etoolbox.sty
Package: etoolbox 2025/10/02 v2.5m e-TeX tools for LaTeX (JAW)
\etb@tempcnta=\count304
)
(D:\miktex\tex/generic/stringenc\stringenc.sty
Package: stringenc 2019/11/29 v1.12 Convert strings between diff. encodings (HO
)
)
\@linkdim=\dimen181
\Hy@linkcounter=\count305
\Hy@pagecounter=\count306

(D:\miktex\tex/latex/hyperref\pd1enc.def
File: pd1enc.def 2025-07-12 v7.01o Hyperref: PDFDocEncoding definition (HO)
Now handling font encoding PD1 ...
... no UTF-8 mapping file for font encoding PD1
)
(D:\miktex\tex/generic/intcalc\intcalc.sty
Package: intcalc 2019/12/15 v1.3 Expandable calculations with integers (HO)
)
\Hy@SavedSpaceFactor=\count307

(D:\miktex\tex/latex/hyperref\puenc.def
File: puenc.def 2025-07-12 v7.01o Hyperref: PDF Unicode definition (HO)
Now handling font encoding PU ...
... no UTF-8 mapping file for font encoding PU
)
Package hyperref Info: Hyper figures OFF on input line 4195.
Package hyperref Info: Link nesting OFF on input line 4200.
Package hyperref Info: Hyper index ON on input line 4203.
Package hyperref Info: Plain pages OFF on input line 4210.
Package hyperref Info: Backreferencing OFF on input line 4215.
Package hyperref Info: Implicit mode ON; LaTeX internals redefined.
Package hyperref Info: Bookmarks ON on input line 4462.
\c@Hy@tempcnt=\count308
 (D:\miktex\tex/latex/url\url.sty
\Urlmuskip=\muskip18
Package: url 2013/09/16  ver 3.4  Verb mode for urls, etc.
)
LaTeX Info: Redefining \url on input line 4801.
\XeTeXLinkMargin=\dimen182

(D:\miktex\tex/generic/bitset\bitset.sty
Package: bitset 2019/12/09 v1.3 Handle bit-vector datatype (HO)

(D:\miktex\tex/generic/bigintcalc\bigintcalc.sty
Package: bigintcalc 2019/12/15 v1.5 Expandable calculations on big integers (HO
)
))
\Fld@menulength=\count309
\Field@Width=\dimen183
\Fld@charsize=\dimen184
Package hyperref Info: Hyper figures OFF on input line 6078.
Package hyperref Info: Link nesting OFF on input line 6083.
Package hyperref Info: Hyper index ON on input line 6086.
Package hyperref Info: backreferencing OFF on input line 6093.
Package hyperref Info: Link coloring OFF on input line 6098.
Package hyperref Info: Link coloring with OCG OFF on input line 6103.
Package hyperref Info: PDF/A mode OFF on input line 6108.
\Hy@abspage=\count310
\c@Item=\count311
\c@Hfootnote=\count312
)
Package hyperref Info: Driver (autodetected): hpdftex.

(D:\miktex\tex/latex/hyperref\hpdftex.def
File: hpdftex.def 2025-07-12 v7.01o Hyperref driver for pdfTeX
\Fld@listcount=\count313
\c@bookmark@seq@number=\count314

(D:\miktex\tex/latex/rerunfilecheck\rerunfilecheck.sty
Package: rerunfilecheck 2025-06-21 v1.11 Rerun checks for auxiliary files (HO)

(D:\miktex\tex/generic/uniquecounter\uniquecounter.sty
Package: uniquecounter 2019/12/15 v1.4 Provide unlimited unique counter (HO)
)
Package uniquecounter Info: New unique counter `rerunfilecheck' on input line 2
84.
)
\Hy@SectionHShift=\skip54
)
(D:\miktex\tex/latex/listings\listings.sty
\lst@mode=\count315
\lst@gtempboxa=\box55
\lst@token=\toks26
\lst@length=\count316
\lst@currlwidth=\dimen185
\lst@column=\count317
\lst@pos=\count318
\lst@lostspace=\dimen186
\lst@width=\dimen187
\lst@newlines=\count319
\lst@lineno=\count320
\lst@maxwidth=\dimen188

(D:\miktex\tex/latex/listings\lstpatch.sty
File: lstpatch.sty 2025/11/14 1.11b (Carsten Heinz)
)
(D:\miktex\tex/latex/listings\lstmisc.sty
File: lstmisc.sty 2025/11/14 1.11b (Carsten Heinz)
\c@lstnumber=\count321
\lst@skipnumbers=\count322
\lst@framebox=\box56
)
(D:\miktex\tex/latex/listings\listings.cfg
File: listings.cfg 2025/11/14 1.11b listings configuration
))
Package: listings 2025/11/14 1.11b (Carsten Heinz)

==> First Aid for listings.sty no longer applied!
    Expected:
        2024/09/23 1.10c (Carsten Heinz)
    but found:
        2025/11/14 1.11b (Carsten Heinz)
    so I'm assuming it got fixed.
(D:\miktex\tex/latex/xcolor\xcolor.sty
Package: xcolor 2024/09/29 v3.02 LaTeX color extensions (UK)

(D:\miktex\tex/latex/graphics-cfg\color.cfg
File: color.cfg 2016/01/02 v1.6 sample color configuration
)
Package xcolor Info: Driver file: pdftex.def on input line 274.

(D:\miktex\tex/latex/graphics\mathcolor.ltx)
Package xcolor Info: Model `cmy' substituted by `cmy0' on input line 1349.
Package xcolor Info: Model `hsb' substituted by `rgb' on input line 1353.
Package xcolor Info: Model `RGB' extended on input line 1365.
Package xcolor Info: Model `HTML' substituted by `rgb' on input line 1367.
Package xcolor Info: Model `Hsb' substituted by `hsb' on input line 1368.
Package xcolor Info: Model `tHsb' substituted by `hsb' on input line 1369.
Package xcolor Info: Model `HSB' substituted by `hsb' on input line 1370.
Package xcolor Info: Model `Gray' substituted by `gray' on input line 1371.
Package xcolor Info: Model `wave' substituted by `hsb' on input line 1372.
)
(D:\miktex\tex/latex/tools\array.sty
Package: array 2025/09/25 v2.6n Tabular extension package (FMi)
\col@sep=\dimen189
\ar@mcellbox=\box57
\extrarowheight=\dimen190
\NC@list=\toks27
\extratabsurround=\skip55
\backup@length=\skip56
\ar@cellbox=\box58
) (D:\miktex\tex/latex/float\float.sty
Package: float 2001/11/08 v1.3d Float enhancements (AL)
\c@float@type=\count323
\float@exts=\toks28
\float@box=\box59
\@float@everytoks=\toks29
\@floatcapt=\box60
)
(D:\miktex\tex/latex/caption\caption.sty
Package: caption 2023/08/05 v3.6o Customizing captions (AR)

(D:\miktex\tex/latex/caption\caption3.sty
Package: caption3 2023/07/31 v2.4d caption3 kernel (AR)
\caption@tempdima=\dimen191
\captionmargin=\dimen192
\caption@leftmargin=\dimen193
\caption@rightmargin=\dimen194
\caption@width=\dimen195
\caption@indent=\dimen196
\caption@parindent=\dimen197
\caption@hangindent=\dimen198
Package caption Info: Standard document class detected.
)
\c@caption@flags=\count324
\c@continuedfloat=\count325
Package caption Info: float package is loaded.
Package caption Info: hyperref package is loaded.
Package caption Info: listings package is loaded.
)
(D:\miktex\tex/latex/caption\subcaption.sty
Package: subcaption 2023/07/28 v1.6b Sub-captions (AR)
Package caption Info: New subtype `subfigure' on input line 238.
\c@subfigure=\count326
Package caption Info: New subtype `subtable' on input line 238.
\c@subtable=\count327
)
(D:\miktex\tex/latex/l3backend\l3backend-pdftex.def
File: l3backend-pdftex.def 2025-10-09 L3 backend support: PDF output (pdfTeX)
\l__color_backend_stack_int=\count328
)
(D:\AFNO-FourCastNet-Antarctica\docs\final_report.aux)
\openout1 = `final_report.aux'.

LaTeX Font Info:    Checking defaults for OML/cmm/m/it on input line 43.
LaTeX Font Info:    ... okay on input line 43.
LaTeX Font Info:    Checking defaults for OMS/cmsy/m/n on input line 43.
LaTeX Font Info:    ... okay on input line 43.
LaTeX Font Info:    Checking defaults for OT1/cmr/m/n on input line 43.
LaTeX Font Info:    ... okay on input line 43.
LaTeX Font Info:    Checking defaults for T1/cmr/m/n on input line 43.
LaTeX Font Info:    ... okay on input line 43.
LaTeX Font Info:    Checking defaults for TS1/cmr/m/n on input line 43.
LaTeX Font Info:    ... okay on input line 43.
LaTeX Font Info:    Checking defaults for OMX/cmex/m/n on input line 43.
LaTeX Font Info:    ... okay on input line 43.
LaTeX Font Info:    Checking defaults for U/cmr/m/n on input line 43.
LaTeX Font Info:    ... okay on input line 43.
LaTeX Font Info:    Checking defaults for PD1/pdf/m/n on input line 43.
LaTeX Font Info:    ... okay on input line 43.
LaTeX Font Info:    Checking defaults for PU/pdf/m/n on input line 43.
LaTeX Font Info:    ... okay on input line 43.

(D:\miktex\tex/context/base/mkii\supp-pdf.mkii
[Loading MPS to PDF converter (version 2006.09.02).]
\scratchcounter=\count329
\scratchdimen=\dimen199
\scratchbox=\box61
\nofMPsegments=\count330
\nofMParguments=\count331
\everyMPshowfont=\toks30
\MPscratchCnt=\count332
\MPscratchDim=\dimen256
\MPnumerator=\count333
\makeMPintoPDFobject=\count334
\everyMPtoPDFconversion=\toks31
) (D:\miktex\tex/latex/epstopdf-pkg\epstopdf-base.sty
Package: epstopdf-base 2020-01-24 v2.11 Base part for package epstopdf
Package epstopdf-base Info: Redefining graphics rule for `.eps' on input line 4
85.

(D:\miktex\tex/latex/00miktex\epstopdf-sys.cfg
File: epstopdf-sys.cfg 2021/03/18 v2.0 Configuration of epstopdf for MiKTeX
))
*geometry* driver: auto-detecting
*geometry* detected driver: pdftex
*geometry* verbose mode - [ preamble ] result:
* driver: pdftex
* paper: a4paper
* layout: <same size as paper>
* layoutoffset:(h,v)=(0.0pt,0.0pt)
* modes: 
* h-part:(L,W,R)=(86.72377pt, 438.51411pt, 72.26999pt)
* v-part:(T,H,B)=(72.26999pt, 700.50687pt, 72.26999pt)
* \paperwidth=597.50787pt
* \paperheight=845.04684pt
* \textwidth=438.51411pt
* \textheight=700.50687pt
* \oddsidemargin=14.45378pt
* \evensidemargin=14.45378pt
* \topmargin=-37.0pt
* \headheight=12.0pt
* \headsep=25.0pt
* \topskip=12.0pt
* \footskip=30.0pt
* \marginparwidth=35.0pt
* \marginparsep=10.0pt
* \columnsep=10.0pt
* \skip\footins=10.8pt plus 4.0pt minus 2.0pt
* \hoffset=0.0pt
* \voffset=0.0pt
* \mag=1000
* \@twocolumnfalse
* \@twosidefalse
* \@mparswitchfalse
* \@reversemarginfalse
* (1in=72.27pt=25.4mm, 1cm=28.453pt)

Package hyperref Info: Link coloring OFF on input line 43.
(D:\AFNO-FourCastNet-Antarctica\docs\final_report.out)
(D:\AFNO-FourCastNet-Antarctica\docs\final_report.out)
\@outlinefile=\write3
\openout3 = `final_report.out'.

\c@lstlisting=\count335
Package caption Info: Begin \AtBeginDocument code.
Package caption Info: End \AtBeginDocument code.
LaTeX Font Info:    Trying to load font information for U+msa on input line 61.


(D:\miktex\tex/latex/amsfonts\umsa.fd
File: umsa.fd 2013/01/14 v3.01 AMS symbols A
)
LaTeX Font Info:    Trying to load font information for U+msb on input line 61.

 (D:\miktex\tex/latex/amsfonts\umsb.fd
File: umsb.fd 2013/01/14 v3.01 AMS symbols B
)
<midsem_images/page1_img1.png, id=203, 169.38281pt x 169.38281pt>
File: midsem_images/page1_img1.png Graphic file (type png)
<use midsem_images/page1_img1.png>
Package pdftex.def Info: midsem_images/page1_img1.png  used on input line 76.
(pdftex.def)             Requested size: 62.59596pt x 62.59569pt.

[1

{C:/Users/Shashwat/AppData/Local/MiKTeX/fonts/map/pdftex/pdftex.map} <D:/AFNO-F
ourCastNet-Antarctica/docs/midsem_images/page1_img1.png (PNG copy)>]
Underfull \hbox (badness 4608) in paragraph at lines 106--106
[]|\OT1/cmr/bx/n/12 Name(s) and Des-ig-na-
 []


Underfull \hbox (badness 1478) in paragraph at lines 107--107
[]|\OT1/cmr/bx/n/12 Name(s) of PS fac-ulty
 []


Overfull \hbox (19.16766pt too wide) in paragraph at lines 97--112
[] 
 []


pdfTeX warning (ext4): destination with the same identifier (name{page.1}) has 
been already used, duplicate ignored
<to be read again> 
                   \relax 
l.125 \clearpage
                 [1

]
Overfull \hbox (9.22165pt too wide) in paragraph at lines 138--139
[]\OT1/cmr/m/n/12 I ac-knowl-edge the Eu-ro-pean Cen-tre for Medium-Range Weath
er Fore-casts (ECMWF)
 []

[2

] (D:\AFNO-FourCastNet-Antarctica\docs\final_report.toc [3


])
\tf@toc=\write4
\openout4 = `final_report.toc'.

 [4]
(D:\AFNO-FourCastNet-Antarctica\docs\final_report.lof)
\tf@lof=\write5
\openout5 = `final_report.lof'.

 [5

]
(D:\AFNO-FourCastNet-Antarctica\docs\final_report.lot)
\tf@lot=\write6
\openout6 = `final_report.lot'.

 [6

]
Chapter 1.
[7

] [8]
Chapter 2.
[9

] [10]
Chapter 3.

Overfull \hbox (22.5621pt too wide) in paragraph at lines 215--226
 [][] 
 []

[11

] [12]
Chapter 4.

Overfull \hbox (101.28389pt too wide) detected at line 284
[][][][]\OT1/cmr/m/n/12 (\OML/cmm/m/it/12 T[] \OMS/cmsy/m/n/12 ^^B \OML/cmm/m/i
t/12 V \OMS/cmsy/m/n/12 ^^B \OML/cmm/m/it/12 H \OMS/cmsy/m/n/12 ^^B \OML/cmm/m/
it/12 W\OT1/cmr/m/n/12 ) [] [] [] [] \OMS/cmsy/m/n/12 ^^B \OT1/cmr/m/n/12 6[] [
] []
 []


Overfull \hbox (20.65352pt too wide) in paragraph at lines 293--293
[]\OT1/cmr/bx/n/17.28 Adaptive Fourier Neu-ral Op-er-a-tor (AFNO) Block 
 []

[13

] [14]
Chapter 5.
<figures/maitri/training_history_maitri.png, id=395, 733.2996pt x 400.1349pt>
File: figures/maitri/training_history_maitri.png Graphic file (type png)
<use figures/maitri/training_history_maitri.png>
Package pdftex.def Info: figures/maitri/training_history_maitri.png  used on in
put line 349.
(pdftex.def)             Requested size: 263.11115pt x 143.5722pt.
[15

]
Overfull \hbox (20.43967pt too wide) in paragraph at lines 354--354
[]\OT1/cmr/bx/n/17.28 Post-Midsem Mod-i-fi-ca-tions & Tech-ni-cal Im-prove-
 []

[16 <./figures/maitri/training_history_maitri.png>]
Chapter 6.
<figures/maitri/dashboards/dashboard_temp_scatter_maitri.png, id=410, 1149.093p
t x 523.9575pt>
File: figures/maitri/dashboards/dashboard_temp_scatter_maitri.png Graphic file 
(type png)
<use figures/maitri/dashboards/dashboard_temp_scatter_maitri.png>
Package pdftex.def Info: figures/maitri/dashboards/dashboard_temp_scatter_maitr
i.png  used on input line 381.
(pdftex.def)             Requested size: 285.0315pt x 129.9657pt.
[17

 <./figures/maitri/dashboards/dashboard_temp_scatter_maitri.png>]
<figures/maitri/dashboards/dashboard_storm_meteorogram_maitri.png, id=416, 1077
.0639pt x 697.4055pt>
File: figures/maitri/dashboards/dashboard_storm_meteorogram_maitri.png Graphic 
file (type png)
<use figures/maitri/dashboards/dashboard_storm_meteorogram_maitri.png>
Package pdftex.def Info: figures/maitri/dashboards/dashboard_storm_meteorogram_
maitri.png  used on input line 395.
(pdftex.def)             Requested size: 306.95853pt x 198.76263pt.
 [18 <./figures/maitri/dashboards/dashboard_storm_meteorogram_maitri.png>]
Chapter 7.

Overfull \hbox (10.93187pt too wide) in paragraph at lines 432--442
 [][] 
 []

[19

]
<figures/maitri/dashboards/dashboard_wind_scatter_maitri.png, id=434, 1149.093p
t x 523.9575pt>
File: figures/maitri/dashboards/dashboard_wind_scatter_maitri.png Graphic file 
(type png)
<use figures/maitri/dashboards/dashboard_wind_scatter_maitri.png>
Package pdftex.def Info: figures/maitri/dashboards/dashboard_wind_scatter_maitr
i.png  used on input line 450.
(pdftex.def)             Requested size: 285.0315pt x 129.9657pt.
 [20 <./figures/maitri/dashboards/dashboard_wind_scatter_maitri.png>]
Chapter 8.
<figures/bharati/dashboards/dashboard2_temp_scatter_bharati.png, id=440, 1156.3
2pt x 542.025pt>
File: figures/bharati/dashboards/dashboard2_temp_scatter_bharati.png Graphic fi
le (type png)
<use figures/bharati/dashboards/dashboard2_temp_scatter_bharati.png>
Package pdftex.def Info: figures/bharati/dashboards/dashboard2_temp_scatter_bha
rati.png  used on input line 474.
(pdftex.def)             Requested size: 285.0315pt x 133.60367pt.
[21

]
<figures/bharati/dashboards/dashboard_storm_meteorogram_bharati.png, id=445, 10
75.8594pt x 697.4055pt>
File: figures/bharati/dashboards/dashboard_storm_meteorogram_bharati.png Graphi
c file (type png)
<use figures/bharati/dashboards/dashboard_storm_meteorogram_bharati.png>
Package pdftex.def Info: figures/bharati/dashboards/dashboard_storm_meteorogram
_bharati.png  used on input line 481.
(pdftex.def)             Requested size: 306.95853pt x 198.97546pt.
 [22 <./figures/bharati/dashboards/dashboard2_temp_scatter_bharati.png> <./figu
res/bharati/dashboards/dashboard_storm_meteorogram_bharati.png>]
Chapter 9.

Overfull \hbox (2.60466pt too wide) in paragraph at lines 494--495
\OT1/cmr/m/n/12 quency do-main us-ing 2D FFTs. This en-ables global spa-tial mi
x-ing at $\OMS/cmsy/m/n/12 O\OT1/cmr/m/n/12 (\OML/cmm/m/it/12 M [] M\OT1/cmr/m/
n/12 )$
 []


Overfull \hbox (0.22124pt too wide) in paragraph at lines 496--497
[]\OT1/cmr/bx/n/12 Pangu-Weather (3D Swin Trans-form-ers): \OT1/cmr/m/n/12 In-t
e-grates a hi-er-ar-chi-cal window-
 []


Overfull \hbox (1.13553pt too wide) in paragraph at lines 499--499
[]\OT1/cmr/bx/n/17.28 Computational Foot-print & Op-er-a-tional Trade-
 []

[23

] [24]
Chapter 10.
File: figures/maitri/training_history_maitri.png Graphic file (type png)
<use figures/maitri/training_history_maitri.png>
Package pdftex.def Info: figures/maitri/training_history_maitri.png  used on in
put line 543.
(pdftex.def)             Requested size: 328.88557pt x 179.4607pt.
File: figures/maitri/dashboards/dashboard_temp_scatter_maitri.png Graphic file 
(type png)
<use figures/maitri/dashboards/dashboard_temp_scatter_maitri.png>
Package pdftex.def Info: figures/maitri/dashboards/dashboard_temp_scatter_maitr
i.png  used on input line 549.
(pdftex.def)             Requested size: 372.73967pt x 169.95638pt.
File: figures/maitri/dashboards/dashboard_wind_scatter_maitri.png Graphic file 
(type png)
<use figures/maitri/dashboards/dashboard_wind_scatter_maitri.png>
Package pdftex.def Info: figures/maitri/dashboards/dashboard_wind_scatter_maitr
i.png  used on input line 555.
(pdftex.def)             Requested size: 372.73967pt x 169.95638pt.
[25

]
File: figures/maitri/dashboards/dashboard_storm_meteorogram_maitri.png Graphic 
file (type png)
<use figures/maitri/dashboards/dashboard_storm_meteorogram_maitri.png>
Package pdftex.def Info: figures/maitri/dashboards/dashboard_storm_meteorogram_
maitri.png  used on input line 561.
(pdftex.def)             Requested size: 372.73967pt x 241.35007pt.
<figures/maitri/dashboards/dashboard_climatology_drift_maitri.png, id=465, 1149
.3339pt x 523.7166pt>
File: figures/maitri/dashboards/dashboard_climatology_drift_maitri.png Graphic 
file (type png)
<use figures/maitri/dashboards/dashboard_climatology_drift_maitri.png>
Package pdftex.def Info: figures/maitri/dashboards/dashboard_climatology_drift_
maitri.png  used on input line 567.
(pdftex.def)             Requested size: 372.73967pt x 169.84627pt.
 [26] [27 <./figures/maitri/dashboards/dashboard_climatology_drift_maitri.png>]
<figures/bharati/training_history_bharati.png, id=475, 733.2996pt x 400.1349pt>

File: figures/bharati/training_history_bharati.png Graphic file (type png)
<use figures/bharati/training_history_bharati.png>
Package pdftex.def Info: figures/bharati/training_history_bharati.png  used on 
input line 576.
(pdftex.def)             Requested size: 328.88557pt x 179.4607pt.
File: figures/bharati/dashboards/dashboard2_temp_scatter_bharati.png Graphic fi
le (type png)
<use figures/bharati/dashboards/dashboard2_temp_scatter_bharati.png>
Package pdftex.def Info: figures/bharati/dashboards/dashboard2_temp_scatter_bha
rati.png  used on input line 582.
(pdftex.def)             Requested size: 372.73967pt x 174.71693pt.
<figures/bharati/dashboards/dashboard_wind_scatter_bharati.png, id=476, 1149.09
3pt x 523.9575pt>
File: figures/bharati/dashboards/dashboard_wind_scatter_bharati.png Graphic fil
e (type png)
<use figures/bharati/dashboards/dashboard_wind_scatter_bharati.png>
Package pdftex.def Info: figures/bharati/dashboards/dashboard_wind_scatter_bhar
ati.png  used on input line 588.
(pdftex.def)             Requested size: 372.73967pt x 169.95638pt.
File: figures/bharati/dashboards/dashboard_storm_meteorogram_bharati.png Graphi
c file (type png)
<use figures/bharati/dashboards/dashboard_storm_meteorogram_bharati.png>
Package pdftex.def Info: figures/bharati/dashboards/dashboard_storm_meteorogram
_bharati.png  used on input line 594.
(pdftex.def)             Requested size: 372.73967pt x 241.6161pt.
<figures/bharati/dashboards/dashboard_climatology_drift_bharati.png, id=477, 11
49.093pt x 523.7166pt>
File: figures/bharati/dashboards/dashboard_climatology_drift_bharati.png Graphi
c file (type png)
<use figures/bharati/dashboards/dashboard_climatology_drift_bharati.png>
Package pdftex.def Info: figures/bharati/dashboards/dashboard_climatology_drift
_bharati.png  used on input line 600.
(pdftex.def)             Requested size: 372.73967pt x 169.87823pt.
 [28

 <./figures/bharati/training_history_bharati.png> <./figures/bharati/dashboards
/dashboard_wind_scatter_bharati.png>] [29 <./figures/bharati/dashboards/dashboa
rd_climatology_drift_bharati.png>]
<figures/maitri/epoch_020/t2m_timeseries_maitri.png, id=489, 505.4082pt x 338.7
054pt>
File: figures/maitri/epoch_020/t2m_timeseries_maitri.png Graphic file (type png
)
<use figures/maitri/epoch_020/t2m_timeseries_maitri.png>
Package pdftex.def Info: figures/maitri/epoch_020/t2m_timeseries_maitri.png  us
ed on input line 609.
(pdftex.def)             Requested size: 372.73967pt x 249.79565pt.
<figures/antarctic_running_average.png, id=490, 1084.05pt x 505.89pt>
File: figures/antarctic_running_average.png Graphic file (type png)
<use figures/antarctic_running_average.png>
Package pdftex.def Info: figures/antarctic_running_average.png  used on input l
ine 615.
(pdftex.def)             Requested size: 416.58707pt x 194.4093pt.
 [30

 <./figures/maitri/epoch_020/t2m_timeseries_maitri.png> <./figures/antarctic_ru
nning_average.png>]
Chapter 11.
[31

]
Chapter 12.
[32

]
Underfull \hbox (badness 6842) in paragraph at lines 671--672
[]\OT1/cmr/m/n/12 Pathak, J., et al. (2022). Four-Cast-Net: A global weather mo
del.
 []

[33

] [34]
Appendix A.
[35

]
Appendix B.
(D:\miktex\tex/latex/listings\lstlang1.sty
File: lstlang1.sty 2025/11/14 1.11b listings language file
) [36

]
(D:\AFNO-FourCastNet-Antarctica\docs\final_report.aux)
 ***********
LaTeX2e <2025-11-01>
L3 programming layer <2025-12-24>
 ***********
Package rerunfilecheck Info: File `final_report.out' has not changed.
(rerunfilecheck)             Checksum: 8018F3CFFC4833644C6961A1A14DD963;10779.
 ) 
Here is how much of TeX's memory you used:
 14423 strings out of 467871
 220725 string characters out of 5435203
 1003657 words of memory out of 5000000
 42939 multiletter control sequences out of 15000+600000
 635834 words of font info for 70 fonts, out of 8000000 for 9000
 1141 hyphenation exceptions out of 8191
 75i,11n,79p,736b,1315s stack positions out of 10000i,1000n,20000p,200000b,200000s
 <C:\Users\Shashwat\AppData\Local\MiKTeX\fonts/pk/ljfour/jknappen/ec/dpi600\t
crm1200.pk><D:/miktex/fonts/type1/public/amsfonts/cm/cmbx12.pfb><D:/miktex/font
s/type1/public/amsfonts/cm/cmbx8.pfb><D:/miktex/fonts/type1/public/amsfonts/cm/
cmex10.pfb><D:/miktex/fonts/type1/public/amsfonts/cm/cmmi12.pfb><D:/miktex/font
s/type1/public/amsfonts/cm/cmmi6.pfb><D:/miktex/fonts/type1/public/amsfonts/cm/
cmmi8.pfb><D:/miktex/fonts/type1/public/amsfonts/cm/cmr12.pfb><D:/miktex/fonts/
type1/public/amsfonts/cm/cmr6.pfb><D:/miktex/fonts/type1/public/amsfonts/cm/cmr
8.pfb><D:/miktex/fonts/type1/public/amsfonts/cm/cmsy10.pfb><D:/miktex/fonts/typ
e1/public/amsfonts/cm/cmsy6.pfb><D:/miktex/fonts/type1/public/amsfonts/cm/cmsy8
.pfb><D:/miktex/fonts/type1/public/amsfonts/cm/cmti12.pfb><D:/miktex/fonts/type
1/public/amsfonts/cm/cmtt10.pfb><D:/miktex/fonts/type1/public/amsfonts/cm/cmtt1
2.pfb><D:/miktex/fonts/type1/public/amsfonts/symbols/msbm10.pfb>
Output written on D:\AFNO-FourCastNet-Antarctica\docs\final_report.pdf (37 page
s, 8330204 bytes).
PDF statistics:
 698 PDF objects out of 1000 (max. 8388607)
 197 named destinations out of 1000 (max. 500000)
 466 words of extra memory for PDF output out of 10000 (max. 10000000)

